###############################################################################
#
# IAR ELF Linker V9.10.2.313/W64 for ARM                  04/Nov/2021  02:57:11
# Copyright 2007-2021 IAR Systems AB.
#
#    Output file  =
#        D:\Magdi\University\Semester
#        7\embedded\Traffic_Light\Debug\Exe\labs.out
#    Map file     =
#        D:\Magdi\University\Semester
#        7\embedded\Traffic_Light\Debug\List\labs.map
#    Command line =
#        -f "D:\Magdi\University\Semester
#        7\embedded\Traffic_Light\Debug\Exe\labs.out.rsp"
#        ("D:\Magdi\University\Semester
#        7\embedded\Traffic_Light\Debug\Obj\DIO.o"
#        "D:\Magdi\University\Semester
#        7\embedded\Traffic_Light\Debug\Obj\main.o" --no_out_extension -o
#        "D:\Magdi\University\Semester
#        7\embedded\Traffic_Light\Debug\Exe\labs.out" --redirect
#        _Printf=_PrintfFullNoMb --redirect _Scanf=_ScanfFullNoMb --map
#        "D:\Magdi\University\Semester
#        7\embedded\Traffic_Light\Debug\List\labs.map" --config "C:\Program
#        Files\IAR Systems\Embedded Workbench
#        9.0\arm\config\linker\TexasInstruments\TM4C123GH6.icf" --semihosting
#        --entry __iar_program_start --vfe --text_out locale)
#
###############################################################################

*******************************************************************************
*** RUNTIME MODEL ATTRIBUTES
***

CppFlavor       = *
__SystemLibrary = DLib
__dlib_version  = 6


*******************************************************************************
*** HEAP SELECTION
***

The basic heap was selected because no calls to memory allocation
functions were found in the application outside of system library
functions, and there are calls to deallocation functions in the
application.


*******************************************************************************
*** PLACEMENT SUMMARY
***

"A0":  place at address 0x0 { ro section .intvec };
"P1":  place in [from 0x0 to 0x3'ffff] { ro };
define block CSTACK with size = 4K, alignment = 8 { };
define block HEAP with size = 8K, alignment = 8 { };
"P2":  place in [from 0x2000'0000 to 0x2000'7fff] {
          rw, block CSTACK, block HEAP };

No sections matched the following patterns:

  rw  in "P2"


  Section   Kind         Address    Size  Object
  -------   ----         -------    ----  ------
"A0":                               0x40
  .intvec   ro code          0x0    0x40  vector_table_M.o [4]
                          - 0x40    0x40

"P1":                              0x378
  .text     ro code         0x40   0x264  DIO.o [1]
  .text     ro code        0x2a4    0x8c  main.o [1]
  .text     ro code        0x330    0x22  fpinit_M.o [3]
  .text     ro code        0x352     0x2  vectortrap_M.o [4]
  .text     ro code        0x354    0x1e  cmain.o [4]
  .text     ro code        0x372     0x4  low_level_init.o [2]
  .text     ro code        0x376     0x4  exit.o [2]
  .text     ro code        0x37c     0xa  cexit.o [4]
  .text     ro code        0x388    0x14  exit.o [5]
  .text     ro code        0x39c    0x1c  cstartup_M.o [4]
                         - 0x3b8   0x378

"P2":                             0x1000
  CSTACK             0x2000'0000  0x1000  <Block>
    CSTACK  uninit   0x2000'0000  0x1000  <Block tail>
                   - 0x2000'1000  0x1000

Unused ranges:

         From           To      Size
         ----           --      ----
        0x3b8     0x3'ffff  0x3'fc48
  0x2000'1000  0x2000'7fff    0x7000



*******************************************************************************
*** MODULE SUMMARY
***

    Module            ro code  rw data
    ------            -------  -------
command line/config:
    ----------------------------------
    Total:

D:\Magdi\University\Semester 7\embedded\Traffic_Light\Debug\Obj: [1]
    DIO.o                 612
    main.o                140
    ----------------------------------
    Total:                752

dl7M_tln.a: [2]
    exit.o                  4
    low_level_init.o        4
    ----------------------------------
    Total:                  8

m7M_tls.a: [3]
    fpinit_M.o             34
    ----------------------------------
    Total:                 34

rt7M_tl.a: [4]
    cexit.o                10
    cmain.o                30
    cstartup_M.o           28
    vector_table_M.o       64
    vectortrap_M.o          2
    ----------------------------------
    Total:                134

shb_l.a: [5]
    exit.o                 20
    ----------------------------------
    Total:                 20

    Gaps                    4
    Linker created               4'096
--------------------------------------
    Grand Total:          952    4'096


*******************************************************************************
*** ENTRY LIST
***

Entry                     Address   Size  Type      Object
-----                     -------   ----  ----      ------
?main                       0x355         Code  Gb  cmain.o [4]
BusFault_Handler            0x353         Code  Wk  vectortrap_M.o [4]
CSTACK$$Base          0x2000'0000          --   Gb  - Linker created -
CSTACK$$Limit         0x2000'1000          --   Gb  - Linker created -
DIO_Init                     0x41  0x1c4  Code  Gb  DIO.o [1]
DIO_WritePort               0x205   0x48  Code  Gb  DIO.o [1]
DebugMon_Handler            0x353         Code  Wk  vectortrap_M.o [4]
HardFault_Handler           0x353         Code  Wk  vectortrap_M.o [4]
MemManage_Handler           0x353         Code  Wk  vectortrap_M.o [4]
NMI_Handler                 0x353         Code  Wk  vectortrap_M.o [4]
PendSV_Handler              0x353         Code  Wk  vectortrap_M.o [4]
Region$$Table$$Base           0x0          --   Gb  - Linker created -
Region$$Table$$Limit          0x0          --   Gb  - Linker created -
SVC_Handler                 0x353         Code  Wk  vectortrap_M.o [4]
SysTick_Handler             0x353         Code  Wk  vectortrap_M.o [4]
UsageFault_Handler          0x353         Code  Wk  vectortrap_M.o [4]
__cmain                     0x355         Code  Gb  cmain.o [4]
__exit                      0x389   0x14  Code  Gb  exit.o [5]
__iar_init_vfp              0x331         Code  Gb  fpinit_M.o [3]
__iar_program_start         0x39d         Code  Gb  cstartup_M.o [4]
__low_level_init            0x373    0x4  Code  Gb  low_level_init.o [2]
__vector_table                0x0         Data  Gb  vector_table_M.o [4]
_call_main                  0x361         Code  Gb  cmain.o [4]
_exit                       0x37d         Code  Gb  cexit.o [4]
exit                        0x377    0x4  Code  Gb  exit.o [2]
main                        0x2a5   0x8c  Code  Gb  main.o [1]


[1] = D:\Magdi\University\Semester 7\embedded\Traffic_Light\Debug\Obj
[2] = dl7M_tln.a
[3] = m7M_tls.a
[4] = rt7M_tl.a
[5] = shb_l.a

    952 bytes of readonly  code memory
  4'096 bytes of readwrite data memory

Errors: none
Warnings: none
